Budget search 1 lower_energy_budget q=[0.7 0.7 0.7 0.7 0.7] th=43.12459555
Budget search 1: physical_infeasible E=3773.402110 t=NaN
Budget search 2 lower_energy_budget q=[0.6 0.6 0.6 0.6 0.6] th=50.31202814
Budget search 2: physical_infeasible E=3773.402110 t=NaN
Budget search 3 lower_energy_budget q=[0.9 0.9 0.9 0.9 0.9] th=33.54135209
Budget search 3: physical_infeasible E=3773.402110 t=NaN
Budget search 4 lower_energy_budget q=[0.85 1 1 1 0.85] th=32.11406051
Budget search 4: physical_infeasible E=3773.402110 t=NaN
Budget search 5 fine_end5 q=[1 1 1 1 0.995338043] th=40.00000000
Budget search 5: success E=3778.702562 t=30.257833
Budget search 6 fine_end5 q=[1 1 1 1 0.995838043] th=40.00000000
Budget search 6: success E=3778.512500 t=30.253283
Joint DE eval 25 gen 2 q=[1 0.5975 0.8505 0.5975 1] th=52.8860: success E=4008.131 t=39.631
Joint DE eval 26 gen 2 q=[1 0.548 0.2455 0.548 1] th=42.1252: physical_infeasible E=3519.035 t=NaN
Joint DE eval 27 gen 2 q=[0.87 0.9155 1 0.85 0.87] th=30.4310: physical_infeasible E=3427.676 t=NaN
Joint DE eval 28 gen 2 q=[1 1 0.87 1 1] th=38.2310: success E=3809.335 t=31.288
Strict verification 1/3: preheat
Reused unchanged completed strict verification.
Strict verification 2/3: coheat
Reused unchanged completed strict verification.
Strict verification 3/3: coheat
Reused unchanged completed strict verification.
      mode       q1    q2    q3    q4      q5       thRequestedS    thUsedS     E1J       E2J       E3J       E4J       E5J      ETotalJ    startupTimeS    minimumVoltageV    maximumIceVolumeFraction    endCellMaxIce    centerCellMaxIce    chargeCcm2    success            resultStatus         
    _________    __    __    __    __    _______    ____________    _______    ______    ______    ______    ______    ______    _______    ____________    _______________    ________________________    _____________    ________________    __________    _______    _____________________________

    "preheat"    1     1     1     1           1       33.516       33.516     837.91    837.91    837.91    837.91    837.91    4189.5        33.516             1.225                0.011603              0.011603          0.0057254               0       true      "best_verified_finite_search"
    "coheat"     1     1     1     1     0.99559       30.254       30.254     756.35    756.35    756.35    756.35    753.01    3778.4        30.254           0.63083                 0.11967               0.11967            0.03304          2.2882       true      "best_verified_finite_search"

Table 4 exported: G:\2026huwei-B题\Code_Q3\Code_Q3\results\表4_辅助冷启动优化结果
