Starting parallel pool (parpool) using the 'Processes' profile ...
Connected to parallel pool with 3 workers.
警告: 在 t=5.502190e+00 处失败。在时间 t 处，步长必须降至所允许的最小值(1.421085e-14)以下，才能达到积分容差要求。
> 位置：<a href="matlab:matlab.internal.language.introspective.errorDocCallback('ode15s', 'G:\MATLAB\R2023b\toolbox\matlab\funfun\ode15s.m', 630)" style="font-weight:bold">ode15s</a> (<a href="matlab: opentoline('G:\MATLAB\R2023b\toolbox\matlab\funfun\ode15s.m',630,0)">第 630 行</a>)
位置: <a href="matlab:matlab.internal.language.introspective.errorDocCallback('pemfc_stack5_simulate_q3', 'G:\2026huwei-B题\Code_Q3\Code_Q3\pemfc_stack5_simulate_q3.m', 368)" style="font-weight:bold">pemfc_stack5_simulate_q3</a> (<a href="matlab: opentoline('G:\2026huwei-B题\Code_Q3\Code_Q3\pemfc_stack5_simulate_q3.m',368,0)">第 368 行</a>)
位置: <a href="matlab:matlab.internal.language.introspective.errorDocCallback('q3_evaluate_energy6', 'G:\2026huwei-B题\Code_Q3\Code_Q3\q3_evaluate_energy6.m', 38)" style="font-weight:bold">q3_evaluate_energy6</a> (<a href="matlab: opentoline('G:\2026huwei-B题\Code_Q3\Code_Q3\q3_evaluate_energy6.m',38,0)">第 38 行</a>)
位置: <a href="matlab:matlab.internal.language.introspective.errorDocCallback('q3_cached_energy6', 'G:\2026huwei-B题\Code_Q3\Code_Q3\q3_cached_energy6.m', 45)" style="font-weight:bold">q3_cached_energy6</a> (<a href="matlab: opentoline('G:\2026huwei-B题\Code_Q3\Code_Q3\q3_cached_energy6.m',45,0)">第 45 行</a>)
位置: <a href="matlab:matlab.internal.language.introspective.errorDocCallback('q3_joint_de_energy>evaluate_one', 'G:\2026huwei-B题\Code_Q3\Code_Q3\q3_joint_de_energy.m', 144)" style="font-weight:bold">q3_joint_de_energy>evaluate_one</a> (<a href="matlab: opentoline('G:\2026huwei-B题\Code_Q3\Code_Q3\q3_joint_de_energy.m',144,0)">第 144 行</a>)
位置: <a href="matlab:matlab.internal.language.introspective.errorDocCallback('parallel_function>make_general_channel/channel_general', 'G:\MATLAB\R2023b\toolbox\matlab\lang\parallel_function.m', 837)" style="font-weight:bold">parallel_function>make_general_channel/channel_general</a> (<a href="matlab: opentoline('G:\MATLAB\R2023b\toolbox\matlab\lang\parallel_function.m',837,0)">第 837 行</a>)
位置: <a href="matlab:matlab.internal.language.introspective.errorDocCallback('parallel.internal.parfor.cppRemoteParallelFunction', 'G:\MATLAB\R2023b\toolbox\parallel\cluster\+parallel\+internal\+parfor\cppRemoteParallelFunction.m', 53)" style="font-weight:bold">parallel.internal.parfor.cppRemoteParallelFunction</a> (<a href="matlab: opentoline('G:\MATLAB\R2023b\toolbox\parallel\cluster\+parallel\+internal\+parfor\cppRemoteParallelFunction.m',53,0)">第 53 行</a>)
Joint DE eval 1 gen 0 q=[1 1 1 1 1] th=24.0000: physical_infeasible E=3000.000 t=NaN
Joint DE eval 2 gen 0 q=[1 1 1 1 1] th=30.2538: success E=3780.461 t=30.244
Joint DE eval 3 gen 0 q=[1 0.8 0.5 0.8 1] th=28.0000: physical_infeasible E=2870.000 t=NaN
Joint DE eval 4 gen 0 q=[1 0.5 0.2 0.5 1] th=34.0000: physical_infeasible E=2720.000 t=NaN
Joint DE eval 5 gen 0 q=[0.8 0.8 0.8 0.8 0.8] th=28.0000: physical_infeasible E=2800.000 t=NaN
Joint DE eval 6 gen 0 q=[1 0.85 0.7 0.85 1] th=34.2727: physical_infeasible E=3770.000 t=NaN
Joint DE eval 7 gen 0 q=[1 0.6 0.2 0.6 1] th=44.3529: physical_infeasible E=3770.000 t=NaN
Joint DE eval 8 gen 0 q=[1 1 0 1 1] th=37.7000: physical_infeasible E=3770.000 t=NaN
Joint DE eval 9 gen 0 q=[0.8 0.8 0.8 0.8 0.8] th=37.7000: physical_infeasible E=3770.000 t=NaN
Joint DE eval 10 gen 0 q=[1 0.7 0.3 0.7 1] th=45.0000: success E=4049.446 t=43.778
Joint DE eval 11 gen 0 q=[0.6 0.8 1 0.8 0.6] th=45.0000: success E=4134.651 t=43.523
Joint DE eval 12 gen 0 q=[1 0.9 0.8 0.9 1] th=40.0000: success E=3876.187 t=33.706
Joint DE eval 13 gen 1 q=[0.67 0.93 1 0.93 0.67] th=27.0706: physical_infeasible E=2842.412 t=NaN
Joint DE eval 14 gen 1 q=[1 0.57 0 0.57 1] th=30.2538: physical_infeasible E=2374.921 t=NaN
Joint DE eval 15 gen 1 q=[1 0.85 1 0.85 1] th=28.0000: physical_infeasible E=3290.000 t=NaN
警告: 在 t=5.776281e+00 处失败。在时间 t 处，步长必须降至所允许的最小值(1.421085e-14)以下，才能达到积分容差要求。
> 位置：<a href="matlab:matlab.internal.language.introspective.errorDocCallback('ode15s', 'G:\MATLAB\R2023b\toolbox\matlab\funfun\ode15s.m', 630)" style="font-weight:bold">ode15s</a> (<a href="matlab: opentoline('G:\MATLAB\R2023b\toolbox\matlab\funfun\ode15s.m',630,0)">第 630 行</a>)
位置: <a href="matlab:matlab.internal.language.introspective.errorDocCallback('pemfc_stack5_simulate_q3', 'G:\2026huwei-B题\Code_Q3\Code_Q3\pemfc_stack5_simulate_q3.m', 368)" style="font-weight:bold">pemfc_stack5_simulate_q3</a> (<a href="matlab: opentoline('G:\2026huwei-B题\Code_Q3\Code_Q3\pemfc_stack5_simulate_q3.m',368,0)">第 368 行</a>)
位置: <a href="matlab:matlab.internal.language.introspective.errorDocCallback('q3_evaluate_energy6', 'G:\2026huwei-B题\Code_Q3\Code_Q3\q3_evaluate_energy6.m', 38)" style="font-weight:bold">q3_evaluate_energy6</a> (<a href="matlab: opentoline('G:\2026huwei-B题\Code_Q3\Code_Q3\q3_evaluate_energy6.m',38,0)">第 38 行</a>)
位置: <a href="matlab:matlab.internal.language.introspective.errorDocCallback('q3_cached_energy6', 'G:\2026huwei-B题\Code_Q3\Code_Q3\q3_cached_energy6.m', 45)" style="font-weight:bold">q3_cached_energy6</a> (<a href="matlab: opentoline('G:\2026huwei-B题\Code_Q3\Code_Q3\q3_cached_energy6.m',45,0)">第 45 行</a>)
位置: <a href="matlab:matlab.internal.language.introspective.errorDocCallback('q3_joint_de_energy>evaluate_one', 'G:\2026huwei-B题\Code_Q3\Code_Q3\q3_joint_de_energy.m', 144)" style="font-weight:bold">q3_joint_de_energy>evaluate_one</a> (<a href="matlab: opentoline('G:\2026huwei-B题\Code_Q3\Code_Q3\q3_joint_de_energy.m',144,0)">第 144 行</a>)
位置: <a href="matlab:matlab.internal.language.introspective.errorDocCallback('parallel_function>make_general_channel/channel_general', 'G:\MATLAB\R2023b\toolbox\matlab\lang\parallel_function.m', 837)" style="font-weight:bold">parallel_function>make_general_channel/channel_general</a> (<a href="matlab: opentoline('G:\MATLAB\R2023b\toolbox\matlab\lang\parallel_function.m',837,0)">第 837 行</a>)
位置: <a href="matlab:matlab.internal.language.introspective.errorDocCallback('parallel.internal.parfor.cppRemoteParallelFunction', 'G:\MATLAB\R2023b\toolbox\parallel\cluster\+parallel\+internal\+parfor\cppRemoteParallelFunction.m', 53)" style="font-weight:bold">parallel.internal.parfor.cppRemoteParallelFunction</a> (<a href="matlab: opentoline('G:\MATLAB\R2023b\toolbox\parallel\cluster\+parallel\+internal\+parfor\cppRemoteParallelFunction.m',53,0)">第 53 行</a>)
警告: 在 t=5.243924e+00 处失败。在时间 t 处，步长必须降至所允许的最小值(1.421085e-14)以下，才能达到积分容差要求。
> 位置：<a href="matlab:matlab.internal.language.introspective.errorDocCallback('ode15s', 'G:\MATLAB\R2023b\toolbox\matlab\funfun\ode15s.m', 630)" style="font-weight:bold">ode15s</a> (<a href="matlab: opentoline('G:\MATLAB\R2023b\toolbox\matlab\funfun\ode15s.m',630,0)">第 630 行</a>)
位置: <a href="matlab:matlab.internal.language.introspective.errorDocCallback('pemfc_stack5_simulate_q3', 'G:\2026huwei-B题\Code_Q3\Code_Q3\pemfc_stack5_simulate_q3.m', 368)" style="font-weight:bold">pemfc_stack5_simulate_q3</a> (<a href="matlab: opentoline('G:\2026huwei-B题\Code_Q3\Code_Q3\pemfc_stack5_simulate_q3.m',368,0)">第 368 行</a>)
位置: <a href="matlab:matlab.internal.language.introspective.errorDocCallback('q3_evaluate_energy6', 'G:\2026huwei-B题\Code_Q3\Code_Q3\q3_evaluate_energy6.m', 38)" style="font-weight:bold">q3_evaluate_energy6</a> (<a href="matlab: opentoline('G:\2026huwei-B题\Code_Q3\Code_Q3\q3_evaluate_energy6.m',38,0)">第 38 行</a>)
位置: <a href="matlab:matlab.internal.language.introspective.errorDocCallback('q3_cached_energy6', 'G:\2026huwei-B题\Code_Q3\Code_Q3\q3_cached_energy6.m', 45)" style="font-weight:bold">q3_cached_energy6</a> (<a href="matlab: opentoline('G:\2026huwei-B题\Code_Q3\Code_Q3\q3_cached_energy6.m',45,0)">第 45 行</a>)
位置: <a href="matlab:matlab.internal.language.introspective.errorDocCallback('q3_joint_de_energy>evaluate_one', 'G:\2026huwei-B题\Code_Q3\Code_Q3\q3_joint_de_energy.m', 144)" style="font-weight:bold">q3_joint_de_energy>evaluate_one</a> (<a href="matlab: opentoline('G:\2026huwei-B题\Code_Q3\Code_Q3\q3_joint_de_energy.m',144,0)">第 144 行</a>)
位置: <a href="matlab:matlab.internal.language.introspective.errorDocCallback('parallel_function>make_general_channel/channel_general', 'G:\MATLAB\R2023b\toolbox\matlab\lang\parallel_function.m', 837)" style="font-weight:bold">parallel_function>make_general_channel/channel_general</a> (<a href="matlab: opentoline('G:\MATLAB\R2023b\toolbox\matlab\lang\parallel_function.m',837,0)">第 837 行</a>)
位置: <a href="matlab:matlab.internal.language.introspective.errorDocCallback('parallel.internal.parfor.cppRemoteParallelFunction', 'G:\MATLAB\R2023b\toolbox\parallel\cluster\+parallel\+internal\+parfor\cppRemoteParallelFunction.m', 53)" style="font-weight:bold">parallel.internal.parfor.cppRemoteParallelFunction</a> (<a href="matlab: opentoline('G:\MATLAB\R2023b\toolbox\parallel\cluster\+parallel\+internal\+parfor\cppRemoteParallelFunction.m',53,0)">第 53 行</a>)
Joint DE eval 16 gen 1 q=[0.47 0.5 0.87 0.5 1] th=47.6000: physical_infeasible E=3974.600 t=NaN
Joint DE eval 17 gen 1 q=[1 0.9025 1 0.9025 1] th=28.0260: numerical_unknown E=600.625 t=NaN
Joint DE eval 18 gen 1 q=[0.8 0.865 0.93 0.865 0.8] th=34.2727: physical_infeasible E=3650.045 t=NaN
警告: 在 t=5.858878e+00 处失败。在时间 t 处，步长必须降至所允许的最小值(1.421085e-14)以下，才能达到积分容差要求。
> 位置：<a href="matlab:matlab.internal.language.introspective.errorDocCallback('ode15s', 'G:\MATLAB\R2023b\toolbox\matlab\funfun\ode15s.m', 630)" style="font-weight:bold">ode15s</a> (<a href="matlab: opentoline('G:\MATLAB\R2023b\toolbox\matlab\funfun\ode15s.m',630,0)">第 630 行</a>)
位置: <a href="matlab:matlab.internal.language.introspective.errorDocCallback('pemfc_stack5_simulate_q3', 'G:\2026huwei-B题\Code_Q3\Code_Q3\pemfc_stack5_simulate_q3.m', 368)" style="font-weight:bold">pemfc_stack5_simulate_q3</a> (<a href="matlab: opentoline('G:\2026huwei-B题\Code_Q3\Code_Q3\pemfc_stack5_simulate_q3.m',368,0)">第 368 行</a>)
位置: <a href="matlab:matlab.internal.language.introspective.errorDocCallback('q3_evaluate_energy6', 'G:\2026huwei-B题\Code_Q3\Code_Q3\q3_evaluate_energy6.m', 38)" style="font-weight:bold">q3_evaluate_energy6</a> (<a href="matlab: opentoline('G:\2026huwei-B题\Code_Q3\Code_Q3\q3_evaluate_energy6.m',38,0)">第 38 行</a>)
位置: <a href="matlab:matlab.internal.language.introspective.errorDocCallback('q3_cached_energy6', 'G:\2026huwei-B题\Code_Q3\Code_Q3\q3_cached_energy6.m', 45)" style="font-weight:bold">q3_cached_energy6</a> (<a href="matlab: opentoline('G:\2026huwei-B题\Code_Q3\Code_Q3\q3_cached_energy6.m',45,0)">第 45 行</a>)
位置: <a href="matlab:matlab.internal.language.introspective.errorDocCallback('q3_joint_de_energy>evaluate_one', 'G:\2026huwei-B题\Code_Q3\Code_Q3\q3_joint_de_energy.m', 144)" style="font-weight:bold">q3_joint_de_energy>evaluate_one</a> (<a href="matlab: opentoline('G:\2026huwei-B题\Code_Q3\Code_Q3\q3_joint_de_energy.m',144,0)">第 144 行</a>)
位置: <a href="matlab:matlab.internal.language.introspective.errorDocCallback('parallel_function>make_general_channel/channel_general', 'G:\MATLAB\R2023b\toolbox\matlab\lang\parallel_function.m', 837)" style="font-weight:bold">parallel_function>make_general_channel/channel_general</a> (<a href="matlab: opentoline('G:\MATLAB\R2023b\toolbox\matlab\lang\parallel_function.m',837,0)">第 837 行</a>)
位置: <a href="matlab:matlab.internal.language.introspective.errorDocCallback('parallel.internal.parfor.cppRemoteParallelFunction', 'G:\MATLAB\R2023b\toolbox\parallel\cluster\+parallel\+internal\+parfor\cppRemoteParallelFunction.m', 53)" style="font-weight:bold">parallel.internal.parfor.cppRemoteParallelFunction</a> (<a href="matlab: opentoline('G:\MATLAB\R2023b\toolbox\parallel\cluster\+parallel\+internal\+parfor\cppRemoteParallelFunction.m',53,0)">第 53 行</a>)
Joint DE eval 19 gen 1 q=[1 0.63 0.33 0.63 1] th=25.0950: physical_infeasible E=2252.276 t=NaN
Joint DE eval 20 gen 1 q=[1 0.93 0.63 0.93 1] th=37.7000: success E=3897.483 t=34.721
Joint DE eval 21 gen 1 q=[0.8 0.63 0.33 0.63 1] th=35.4649: physical_infeasible E=3005.654 t=NaN
Joint DE eval 22 gen 1 q=[1 1 1 1 1] th=30.4310: success E=3780.461 t=30.244
Joint DE eval 23 gen 1 q=[1 1 0.67 1 1] th=42.4050: success E=3853.452 t=33.006
Joint DE eval 24 gen 1 q=[1 0.44 0.8 0.44 1] th=54.1645: success E=4068.739 t=44.225
Parallel pool using the 'Processes' profile is shutting down.
