Starting parallel pool (parpool) using the 'local' profile ...
Connected to parallel pool with 2 workers.
Cutoff 1/6 q=[1 1 1 1 0.995588] th=30.249909141 physical_infeasible E=3777.902110 t=NaN reason=单片电压下降到0.30 V
Cutoff 2/6 q=[1 1 1 1 0.995588] th=30.173842020 physical_infeasible E=3768.402110 t=NaN reason=单片电压下降到0.30 V
Cutoff 3/6 q=[1 1 0.9155 0.9967879 0.996888] th=30.782372815 physical_infeasible E=3777.902110 t=NaN reason=单片电压下降到0.30 V
Cutoff 4/6 q=[1 1 0.9155 0.9967879 0.996888] th=30.704966749 physical_infeasible E=3768.402110 t=NaN reason=单片电压下降到0.30 V
Cutoff 5/6 q=[0.9987 1 0.8505 1 1] th=31.163095853 physical_infeasible E=3777.902110 t=NaN reason=单片电压下降到0.30 V
Cutoff 6/6 q=[0.9987 1 0.8505 1 1] th=31.084732412 physical_infeasible E=3768.402110 t=NaN reason=单片电压下降到0.30 V
Strict verification 1/3: preheat
Reused unchanged completed strict verification.
Strict verification 2/3: coheat
Reused unchanged completed strict verification.
Strict verification 3/3: coheat
Reused unchanged completed strict verification.
      mode       q1    q2    q3    q4      q5       thRequestedS    thUsedS     E1J       E2J       E3J       E4J       E5J      ETotalJ    startupTimeS    minimumVoltageV    maximumIceVolumeFraction    endCellMaxIce    centerCellMaxIce    chargeCcm2    success            resultStatus         
    _________    __    __    __    __    _______    ____________    _______    ______    ______    ______    ______    ______    _______    ____________    _______________    ________________________    _____________    ________________    __________    _______    _____________________________

    "preheat"    1     1     1     1           1       33.516       33.516     837.91    837.91    837.91    837.91    837.91    4189.5        33.516             1.225                0.011603              0.011603          0.0057254               0       true      "best_verified_finite_search"
    "coheat"     1     1     1     1     0.99559       30.254       30.254     756.35    756.35    756.35    756.35    753.01    3778.4        30.254           0.63083                 0.11967               0.11967            0.03304          2.2882       true      "best_verified_finite_search"

Table 4 exported: G:\2026huwei-B题\Code_Q3\Code_Q3\results\表4_辅助冷启动优化结果
                                q: [1 1 1 1 0.9956]
                     startupTimeS: 30.2539
                     temperatureC: [0.0100 14.4777 19.2411 14.4667 0.0100]
    heaterOffTemperatureRateKperS: [-1.5187 -2.4482 -2.3983 -2.4419 -1.5066]
             endPlateTemperatureC: [-18.8581 -18.8739]
           endCellToEndPlateHeatW: [52.0295 52.0729]

Parallel pool using the 'Processes' profile is shutting down.
